// Jest Snapshot v1, https://goo.gl/fbAQLP

exports[`Create Town component test Should render component 1`] = `
<div
  className="container"
  style={
    Object {
      "height": 100,
      "marginBottom": 50,
      "marginTop": 30,
      "width": 100,
    }
  }
>
  <div
    dangerouslySetInnerHTML={
      Object {
        "__html": "<svg xmlns=\\"http://www.w3.org/2000/svg\\" viewBox=\\"0 0 32 32\\">
  <path opacity=\\".25\\" d=\\"M16 0 A16 16 0 0 0 16 32 A16 16 0 0 0 16 0 M16 4 A12 12 0 0 1 16 28 A12 12 0 0 1 16 4\\"/>
  <path d=\\"M16 0 A16 16 0 0 1 32 16 L28 16 A12 12 0 0 0 16 4z\\">
    <animateTransform attributeName=\\"transform\\" type=\\"rotate\\" from=\\"0 16 16\\" to=\\"360 16 16\\" dur=\\"0.8s\\" repeatCount=\\"indefinite\\" />
  </path>
</svg>
",
      }
    }
    style={
      Object {
        "fill": "#dc3545",
        "height": 64,
        "width": 64,
      }
    }
  />
  <p
    className="text-danger"
  >
    Loading...
  </p>
</div>
`;
