// Jest Snapshot v1, https://goo.gl/fbAQLP

exports[`Login component test Should render component 1`] = `
<div
  className="container"
  style={
    Object {
      "marginBottom": 50,
      "marginTop": 30,
    }
  }
>
  <div
    className="card bg-light"
  >
    <article
      className="card-body mx-auto"
    >
      <h3
        className="card-title mt-3 text-center"
      >
        Log In
      </h3>
      <hr />
      <form
        onSubmit={[Function]}
      >
        <div
          className="form-group input-group"
        >
          <div
            className="input-group-prepend"
          >
            <span
              className="input-group-text"
            >
              <i
                className="fa fa-user"
              />
            </span>
          </div>
          <input
            className="form-control"
            id="username"
            name="username"
            onChange={[Function]}
            placeholder="Username"
            type="text"
          />
        </div>
        <div
          className="form-group input-group"
        >
          <div
            className="input-group-prepend"
          >
            <span
              className="input-group-text"
            >
               
              <i
                className="fa fa-lock"
              />
               
            </span>
          </div>
          <input
            className="form-control"
            id="password"
            name="password"
            onChange={[Function]}
            placeholder="Password"
            type="password"
          />
        </div>
        <div
          className="form-group"
        >
          <button
            className="btn btn-danger btn-block"
            type="submit"
          >
            Log In
          </button>
        </div>
        <p
          className="text-center"
        >
          Don't have account? 
          <Link
            to="/register"
          >
            Create Account
          </Link>
        </p>
      </form>
    </article>
  </div>
</div>
`;
